root@hanul-virtual-machine:~# groupadd newgroup1
root@hanul-virtual-machine:~# nano /etc/group
root@hanul-virtual-machine:~# groupmod --new-name 
groupmod: '--new-name' 옵션은 인수가 필요합니다
Usage: groupmod [options] GROUP

Options:
  -g, --gid GID                 change the group ID to GID
  -h, --help                    display this help message and exit
  -n, --new-name NEW_GROUP      change the name to NEW_GROUP
  -o, --non-unique              allow to use a duplicate (non-unique) GID
  -p, --password PASSWORD       change the password to this (encrypted)
                                PASSWORD
  -R, --root CHROOT_DIR         directory to chroot into
  -P, --prefix PREFIX_DIR       prefix directory where are located the /etc/* files

root@hanul-virtual-machine:~# groupmod --new-name mygroup1
Usage: groupmod [options] GROUP

Options:
  -g, --gid GID                 change the group ID to GID
  -h, --help                    display this help message and exit
  -n, --new-name NEW_GROUP      change the name to NEW_GROUP
  -o, --non-unique              allow to use a duplicate (non-unique) GID
  -p, --password PASSWORD       change the password to this (encrypted)
                                PASSWORD
  -R, --root CHROOT_DIR         directory to chroot into
  -P, --prefix PREFIX_DIR       prefix directory where are located the /etc/* files

root@hanul-virtual-machine:~# groupmod --new-name mygroup1 newgroup1
root@hanul-virtual-machine:~# groupadd -gid 2222 newgroup2
'groupadd' `id' 그룹 ID는 쓸 수 없습니다
root@hanul-virtual-machine:~# nano /etc/group
root@hanul-virtual-machine:~# groupdel group2
groupdel: 'group2' 그룹이 없습니다
root@hanul-virtual-machine:~# groupdel newgroup2
groupdel: 'newgroup2' 그룹이 없습니다
root@hanul-virtual-machine:~# gpasswd mygroup1
mygroup1 그룹의 암호를 바꾸는 중
새 암호: 
새 암호를 다시 입력하십시오: 
root@hanul-virtual-machine:~# gpasswd -a poly1
gpasswd: 'poly1' 사용자가 없습니다
root@hanul-virtual-machine:~# gpasswd -a poly1 mygroup1
gpasswd: 'poly1' 사용자가 없습니다
root@hanul-virtual-machine:~# gpasswd -a poly21 mygroup1
사용자 poly21을(를) mygroup1 그룹에 등록 중
root@hanul-virtual-machine:~# gpasswd -a poly4  mygroup1
사용자 poly4을(를) mygroup1 그룹에 등록 중
root@hanul-virtual-machine:~# gpasswd 0
gpasswd: '0' 그룹이 /etc/group에 없습니다
root@hanul-virtual-machine:~# gpasswd -A poly21 mygroup1
root@hanul-virtual-machine:~# nano /etc/group
root@hanul-virtual-machine:~# gpasswd -d poly4 mygroup1
사용자 poly4을(를) 그룹 mygroup1에서 제거하는 중
root@hanul-virtual-machine:~# adduser hanbit1
'hanbit1' 사용자를 추가 중...
새 그룹 'hanbit1' (1003) 추가 ...
새 사용자 'hanbit1' (1004) 을(를) 그룹 'hanbit1' (으)로 추가 ...
'/home/hanbit1' 홈 디렉터리를 생성하는 중...
'/etc/skel'에서 파일들을 복사하는 중...
새 암호: 
잘못된 비밀번호: 암호는 8 개의 문자 보다 짧습니다
새 암호 재입력: 
passwd: 암호를 성공적으로 업데이트했습니다
hanbit1의 사용자의 정보를 바꿉니다
새로운 값을 넣거나, 기본값을 원하시면 엔터를 치세요
	이름 []: 
	방 번호 []: 
	직장 전화번호 []: 
	집 전화번호 []: 
	기타 []: 
정보가 올바릅니까? [Y/n] 
root@hanul-virtual-machine:~# tail /etc/grup
tail: 읽기를 위해 '/etc/grup'을(를) 열 수 없음: 그런 파일이나 디렉터리가 없습니다
root@hanul-virtual-machine:~# tail /etc/group
pulse-access:x:133:
gdm:x:134:
lxd:x:135:hanul
hanul:x:1000:poly21
sambashare:x:136:hanul
poly21:x:1001:
poly2:x:1111:
poly4:x:1002:
mygroup1:x:1112:poly21
hanbit1:x:1003:
root@hanul-virtual-machine:~# groupadd ubuntugroup
root@hanul-virtual-machine:~# gpasswd -a hanbit1
Usage: gpasswd [option] GROUP

Options:
  -a, --add USER                add USER to GROUP
  -d, --delete USER             remove USER from GROUP
  -h, --help                    display this help message and exit
  -Q, --root CHROOT_DIR         directory to chroot into
  -r, --remove-password         remove the GROUP's password
  -R, --restrict                restrict access to GROUP to its members
  -M, --members USER,...        set the list of members of GROUP
      --extrausers              use the extra users database
  -A, --administrators ADMIN,...
                                set the list of administrators for GROUP
Except for the -A and -M options, the options cannot be combined.
root@hanul-virtual-machine:~# gpasswd -a hanbit1 ubuntu
gpasswd: 'ubuntu' 그룹이 /etc/group에 없습니다
root@hanul-virtual-machine:~# gpasswd -a hanbit1 ubuntugroup
사용자 hanbit1을(를) ubuntugroup 그룹에 등록 중
root@hanul-virtual-machine:~# adduser --gid ubuntugroup hanbit1
Value "ubuntugroup" invalid for option gid (number expected)
adduser [--home DIR] [--shell SHELL] [--no-create-home] [--uid ID]
[--firstuid ID] [--lastuid ID] [--gecos GECOS] [--ingroup GROUP | --gid ID]
[--disabled-password] [--disabled-login] [--add_extra_groups]
[--encrypt-home] USER
   일반 사용자를 추가합니다

adduser --system [--home DIR] [--shell SHELL] [--no-create-home] [--uid ID]
[--gecos GECOS] [--group | --ingroup GROUP | --gid ID] [--disabled-password]
[--disabled-login] [--add_extra_groups] USER
   시스템 사용자를 추가합니다

adduser --group [--gid ID] GROUP
addgroup [--gid ID] GROUP
   사용자 그룹을 추가합니다

addgroup --system [--gid ID] GROUP
   시스템 그룹을 추가합니다

adduser USER GROUP
   존재하는 사용자를 존재하는 그룹에 추가합니다

일반 옵션:
  --quiet | -q      실행 정보를 표준 출력으로 내보내지 않습니다
  --force-badname   NAME_REGEX[_SYSTEM] 구성 변수애
                    맞지 않는 사용자명을 허용합니다
  --extrausers      기타 사용자를 데이터베이스로 사용합니다
  --help | -h       사용법 메시지
  --version | -v    버전 숫자와 저작권
  --conf | -c FILE  FILE을 구성 파일로 사용합니다

root@hanul-virtual-machine:~# nano /etc/group
root@hanul-virtual-machine:~# 

